---
source: tests/render_json.rs
expression: "render(&report, UnitSystem::Metric)"
---
{
  "schema_version": 2,
  "location": {
    "name": "Beijing",
    "admin1": "Beijing",
    "country": "China",
    "country_code": "CN",
    "lat": 39.9042,
    "lon": 116.4074,
    "timezone": "Asia/Shanghai",
    "elevation_m": 44.0,
    "source": "geocoder",
    "station": null
  },
  "current": {
    "time": "2026-09-30T12:15:00+08:00",
    "condition": {
      "code": 1,
      "text": "Mainly clear"
    },
    "temp_c": 21.5,
    "feels_like_c": 22.0,
    "humidity_pct": 52,
    "precip_mm": 0.0,
    "pressure_hpa": 1015.0,
    "visibility_km": 14.0,
    "wind_kmh": 10.0,
    "wind_dir_deg": 30,
    "wind_gust_kmh": null,
    "cloud_cover_pct": 25,
    "uv_index": 5.0,
    "is_day": true
  },
  "days": [
    {
      "date": "2026-09-30",
      "sunrise": "06:05",
      "sunset": "17:58",
      "min_c": 14.0,
      "max_c": 24.0,
      "parts": {
        "morning": {
          "condition": {
            "code": 0,
            "text": "Clear sky"
          },
          "temp_c": 17.0,
          "feels_like_c": 16.0,
          "precip_mm": 0.0,
          "precip_prob_pct": 10,
          "humidity_pct": 58,
          "visibility_km": 12.0,
          "wind_kmh": 7.0,
          "wind_dir_deg": 100
        },
        "noon": {
          "condition": {
            "code": 1,
            "text": "Mainly clear"
          },
          "temp_c": 23.0,
          "feels_like_c": 23.5,
          "precip_mm": 0.0,
          "precip_prob_pct": 5,
          "humidity_pct": 42,
          "visibility_km": 15.0,
          "wind_kmh": 12.0,
          "wind_dir_deg": 130
        },
        "evening": {
          "condition": {
            "code": 2,
            "text": "Partly cloudy"
          },
          "temp_c": 19.0,
          "feels_like_c": 18.5,
          "precip_mm": 0.0,
          "precip_prob_pct": 10,
          "humidity_pct": 55,
          "visibility_km": 13.0,
          "wind_kmh": 9.0,
          "wind_dir_deg": 170
        },
        "night": {
          "condition": {
            "code": 3,
            "text": "Overcast"
          },
          "temp_c": 14.0,
          "feels_like_c": 13.0,
          "precip_mm": 0.0,
          "precip_prob_pct": 5,
          "humidity_pct": 72,
          "visibility_km": 10.0,
          "wind_kmh": 6.0,
          "wind_dir_deg": 210
        }
      }
    }
  ],
  "mode": "archive",
  "marine": {
    "time": "2026-09-30T12:00:00+08:00",
    "source": "open-meteo-marine",
    "wave_height_m": 1.4,
    "wave_direction_deg": 280,
    "wave_period_s": 6.8,
    "swell_wave_height_m": 0.9,
    "sea_surface_temp_c": 21.6,
    "sampled": {
      "lat": 39.2,
      "lon": 119.8,
      "distance_km": 146.3,
      "far": true
    },
    "days": [
      {
        "date": "2026-09-30",
        "wave_height_max_m": 1.7,
        "wave_period_max_s": 7.1,
        "wave_direction_dominant_deg": 275
      }
    ]
  },
  "air": null,
  "astro": null,
  "normals": null,
  "alerts": [],
  "capabilities": {
    "current": true,
    "hourly": true,
    "daily": true,
    "alerts": false,
    "max_days": 16,
    "history_days": 0,
    "marine": false,
    "requires_key": false,
    "key_env": null,
    "locations": {
      "city": true,
      "station": false,
      "lat_lon": true
    }
  },
  "attribution": {
    "provider": "open-meteo",
    "url": "https://api.open-meteo.com/v1/forecast",
    "notice": "Open-Meteo.com (CC BY 4.0) — https://open-meteo.com/",
    "location_notice": "Location data based on GeoNames (CC-BY-4.0) via Open-Meteo — https://open-meteo.com/",
    "retrieved_at": "2026-09-30T04:11:00Z"
  },
  "alert_credits": []
}
